Lorem ipsum dolor sit amet, consectetur 
adipiscing elit. Pellentesque sed 
dolor non arcu imperdiet placerat. 
Pellentesque ullamcorper urna vel 
magna pharetra, et placerat libero 
ultrices. Nunc ante ex, cursus 
non ultrices at, interdum vitae 
libero. Etiam nibh tortor, posuere 
ac tincidunt eget, commodo at nibh. 
Integer a fringilla lacus, tristique 
laoreet ligula. Pellentesque a 
sagittis neque. Curabitur molestie 
pharetra arcu, a rutrum libero 
tincidunt sed. Aliquam felis sapien, 
fringilla at varius nec, malesuada 
vel arcu. Fusce auctor mi et placerat 
dignissim. Fusce sit amet tellus 
mauris. Duis a lectus ligula. Nam 
viverra quam est, suscipit elementum 
ante porttitor iaculis. Nulla facilisi. 
Nam nec neque sed neque viverra 
congue id quis felis. Integer ultricies 
risus et viverra fermentum. Nam 
et metus dignissim, gravida lacus 
blandit, sodales est. Duis tincidunt, 
turpis eu posuere pellentesque, 
urna nisi accumsan ante, ut facilisis 
turpis felis in urna. In viverra 
sem eros, nec varius purus dapibus 
eu. Vestibulum eget nunc ac ligula 
dictum feugiat id at ligula. Class 
aptent taciti sociosqu ad litora 
torquent per conubia nostra, per 
inceptos himenaeos. 
